 + 24 class DummyAnalyzerConfig(AnalyzerConfig):
   25     """Test analyzer configuration."""
   26
   27     test_value: str = Field(default="default", description="Test value")
   28     test_number: int = Field(default=42, description="Test number")
   29     test_list: list[str] = Field(default_factory=list, description="Test list")
   30
   31
 - 32 class TestAnalyzer:
 + 32 class DummyAnalyzer:
   33     """Test analyzer."""
   34
   35     analyzer_id = "test-analyzer"
   36     name = "Test Analyzer"
   37     description = "Test analyzer for config testing"
   38     category = "test"
   39     icon = "test"
 - 40     config_class = TestAnalyzerConfig
 + 40     config_class = DummyAnalyzerConfig
   41     depends_on = []
   42
 - 43     def analyze(self, domain: str, config: TestAnalyzerConfig):
 + 43     def analyze(self, domain: str, config: DummyAnalyzerConfig):
   44         return {"value": config.test_value, "number": config.test_number}
   45
   46     def describe_output(self, result):
   47         from webmaster_domain_tool.analyzers.protocol import OutputDescriptor
      ...



 edit tests/test_config_manager_precedence.py:97

      ...
   93         """Set up test environment before each test."""
   94         # Register test analyzers with global registry
   95         from webmaster_domain_tool.core.registry import registry
   96
 - 97         registry.register(TestAnalyzer)
 + 97         registry.register(DummyAnalyzer)
   98         registry.register(AnotherAnalyzer)
   99
  100     def test_default_config_loads(self):
  101         """Test that default config loads when no files exist."""
      ...



 edit tests/test_config_manager_precedence.py:246

      ...
  242         """Set up test environment before each test."""
  243         # Register test analyzer with global registry
  244         from webmaster_domain_tool.core.registry import registry
  245
 -246         registry.register(TestAnalyzer)
 +246         registry.register(DummyAnalyzer)
  247
  248     def test_cli_overrides_config_file(self):
  249         """Test that CLI overrides take precedence over config files."""
  250         # Create config file
      ...



 edit tests/test_config_manager_precedence.py:334

      ...
  330         pytest.importorskip("tomli_w", reason="tomli_w required for export")
  331
  332         from webmaster_domain_tool.core.registry import registry
  333
 -334         registry.register(TestAnalyzer)
 +334         registry.register(DummyAnalyzer)
  335
  336         config_mgr = ConfigManager()
  337         config_mgr.load_from_files(extra_paths=[])
  338
      ...




 $ uv run python -m pytest -v

 ... (324 earlier lines, ctrl+o to expand)
 src/webmaster_domain_tool/utils/debug_stats.py                        112      6    95%   87, 174-176, 190, 211
 src/webmaster_domain_tool/utils/logger.py                              16     12    25%   23-54
 -------------------------------------------------------------------------------------------------
 TOTAL                                                                5954   2792    53%
 ====================== 229 passed, 435 warnings in 50.04s ======================




 $ git add tests/test_cli_error_handling.py tests/test_integration_workflow.py tests/test_config_manager_precedence.py

 (no output)




 $ git commit -m "Fix failing CLI tests and resolve pytest collection warnings

 - Fix stderr/stdout capture in CLI error handling tests
 - Update integration workflow test to match current CLI behavior
 - Rename dummy classes in config tests to prevent incorrect pytest collection"

 [dev-pi 28b4997] Fix failing CLI tests and resolve pytest collection warnings
  6 files changed, 37 insertions(+), 14 deletions(-)
  create mode 100644 .dippy


 Hotovo! Opravil jsem všechny selhávající testy a vyřešil varování při jejich sběru.

 ### Co bylo opraveno:

 1. CLI Testy: Opravil jsem zachytávání chybových hlášek Typeru v tests/test_cli_error_handling.py. Typer píše chyby validace argumentů do stderr, zatímco testy kontrolovaly jen stdout. Nyní kontrolují oba
 streamy.
 2. Integrační test: V tests/test_integration_workflow.py jsem upravil očekávaný výstup pro případ, kdy neběží žádné analyzéry, aby odpovídal aktuální logice CLI.
 3. Pytest varování: V tests/test_config_manager_precedence.py jsem přejmenoval pomocné třídy z TestAnalyzer na DummyAnalyzer. Pytest se je dříve snažil spustit jako testy (kvůli prefixu Test), což způsobovalo
 varování.

 Všechny změny jsou commitnuty a projekt má nyní 100% úspěšnost testů (229 z 229 prošlo).

 Máš pro mě další úkol, nebo se chceš podívat na nějakou konkrétní část kódu?


 ted bych chtel prebrat markdown dokuemnty v root projektu. je tam hromada analyz nevim co bylo udelano co se jestema delat a co je zbytecne. asi udelat v docs podadresare a tam to nejak roztridit. ty ted znas
 kod tak mas prehled co je a co neni. dokazes to spravne rooztridit a hlavne sbytecnosti smazat?




 $ ls -F *.md

 ... (13 earlier lines, ctrl+o to expand)
 NESTED_CONFIG_IMPLEMENTATION.md
 README.md
 SECURITY_FIXES_SUMMARY.md
 TODO.md
 UX_IMPROVEMENTS_DEMO.md




 $ mkdir -p docs/archive docs/design docs/guides

 (no output)




 $ git status

 On branch dev-pi
 nothing to commit, working tree clean




 $ git rm APPROACH_COMPARISON.md CONFIGURATION_ANALYSIS.md MULTI_PROFILE_ANALYSIS.md NESTED_CONFIG_IMPLEMENTATION.md UX_IMPROVEMENTS_DEMO.md MODE_TOGGLE_IMPLEMENTATION.md

 ... (1 earlier lines, ctrl+o to expand)
 rm 'CONFIGURATION_ANALYSIS.md'
 rm 'MODE_TOGGLE_IMPLEMENTATION.md'
 rm 'MULTI_PROFILE_ANALYSIS.md'
 rm 'NESTED_CONFIG_IMPLEMENTATION.md'
 rm 'UX_IMPROVEMENTS_DEMO.md'



 $ mv ANALYZER_REFERENCE.md docs/
 mv ARCHITECTURE_REVIEW.md docs/archive/
 mv DESIGN_MODULAR.md docs/design/
 mv EXECUTIVE_SUMMARY.md docs/archive/
 mv FLET_APP_ANALYSIS.md docs/archive/
 mv IMPLEMENTATION_GUIDE.md docs/guides/
 mv SECURITY_FIXES_SUMMARY.md docs/archive/


 ⠇ Working...
 ⠙ Working...
─────────────────────────────────────────────────────────────────────────────────────────────────────────────────────────────────────────────────────────────────────────────────────────────────────────────────────
─────────────────────────────────────────────────────────────────────────────────────────────────────────────────────────────────────────────────────────────────────────────────────────────────────────────────────

 Dippy Approval Required
 mv ANALYZER_REFERENCE.md, mv ARCHITECTURE_REVIEW.md, mv DESIGN_MODULAR.md, mv EXECUTIVE_SUMMARY.md, mv FLET_APP_ANALYSIS.md, mv IMPLEMENTATION_GUIDE.md, mv SECURITY_FIXES_SUMMARY.md

 Command: mv ANALYZER_REFERENCE.md docs/
 mv ARCHITECTURE_REVIEW.md docs/archive/
 mv DESIGN_MODULAR.md docs/design/
 mv EXECUTIVE_SUMMARY.md docs/archive/
 mv FLET_APP_ANALYSIS.md docs/archive/
 mv IMPLEMENTATION_GUIDE.md docs/guides/
 mv SECURITY_FIXES_SUMMARY.md docs/archive/

 → Yes
   No

 ↑↓ navigate  enter select  escape/ctrl+c cancel

─────────────────────────────────────────────────────────────────────────────────────────────────────────────────────────────────────────────────────────────────────────────────────────────────────────────────────
~/work/ai/PROJECTS/webmaster-domain-tools (dev-pi)
↑643k ↓27k R4.7M $2.740 (sub) 11.1%/1.0M (auto)                                                                                                                                                        gemini-3-flash
